AndreaCorazza
http://pbs.twimg.com/profile_images/378800000227032092/094a89c4a0804930ce4add7b89f0c466_400x400.jpeg
RT @NewsOnTheMin: BREAKING NEWS: SalahAbdeslam was reportedly arrested at #Molenbeek Belgium https://t.co/EXotkSpvHE
.@V_Andriukaitis starts his speech with a positive note: "I haven't been effettive enough this first year" #AHCS15 https://t.co/KuiDEqn5yJ
RT @JanssenEMEA: Can a checklist really make a difference? It’s time to find out! Tweet to #makehealthcount. #hcsm #health https://t.co/0cJ…
The legacy project Jacob Zuma did not intend to leave | FTI at COP21 https://t.co/L3mDnxHOzo
RT @jamie_love: Some data on spending on pharmaceutical drugs, 12 OECD countries. https://t.co/qRxkMpPcb2
RT @PauPruvost: In today's lancet: Global Financing Facility: where will the $12 billion come from? w/ @morningsimon quote
https://t.co/eHS…
RT @ignaziocorrao: Ho scritto un recoconto (da vostro dipendente), sulla Missione in #SierraLeone che da oggi è stata dichiarata... https:/…
RT @francediplo_EN: New frontage for the quai d'Orsay to #COP21 colors cc @COP21 https://t.co/VEV1Gh4vRx
RT @GHAFrance: Breaking: @WHO data shows #TB now the world’s leading killer. https://t.co/CfqguJ7Gvr https://t.co/LzR6KYC4tZ
RT @FrazerGoodwin: @MimicaEU EC work plan 2016 to include revision of Agenda for Change  &amp; EU Consensus for development -broad consultation…
.@jamie_love about #drugs #pricing #A2M #trade #EU #US #IP #TPP #FTA https://t.co/j7b2iciwpw
.@afrakt on @nytimes about #referencepricing in #Europe https://t.co/lbSBr099R4 @EFPIA @EUCOPE @EuropaBio
#Drugs #pricing is a hot topic in the #US presidential run. @marcorubio calls it “pure profiteering". Watch it at https://t.co/DBuKEJKRzb
Taking on the Drug Profiteers http://t.co/ZOlRdjakOR via @newyorker
“It is scientists’ responsibility to continue fighting for the healthcare of all humans” Dr. Tu, 2015 @NobelPrize in #Medicine
RT @NobelPrize: BREAKING NEWS The 2015 #NobelPrize #Medicine to William C. Campbell @DrewUniversity, Satoshi Ōmura and Youyou Tu http://t.c…
RT @HillaryClinton: Price gouging like this in the specialty drug market is outrageous. Tomorrow I'll lay out a plan to take it on. -H http…
RT @GHAFrance: @TBECoalition signing a major breakthrough to #stopTB with #RC65 @WHO_Europe and @GlobalFund http://t.co/wXktwEUbRY http://t…
Main @europarl groups discuss access 2 medicines @beatrizbecerrab @NChildersMEP @LolaPodemos @MarianMarinescu @ignaziocorrao @Sebastia_Jordi
MEP @ignaziocorrao praises @emergency_ong for its work in increasing #access 2 #medicines  @EMERGENCY_BE @Europarl_EN http://t.co/xlhUWvvZL9
RT @andyroddick: Wow!  How cool was that?   Talk about walking off in style ....
What a way to end a great career! Congratulations @flavia_pennetta http://t.co/TYGTlSU9sW
Over a million actions have been taken calling for a #RobinHoodTax! Help me and @robinhood spread the word. http://t.co/GNiwCW8DKe
@ECDC_EU That's great but the HIV one monitors an EU Action Plan, which doesn't exist for #TB, and covers also Central Asia @TBECoalition
Here the report @ECDC_EU @TBECoalition http://t.co/99kKNaHqHJ
New @ECDC_EU progress reports on #HIV in #Europe, #Caucasus &amp; Central Asia. When will we have the same for #tuberculosis? @TBECoalition
Hi @astroehlein I was worried when saw your pic on @repubblicait online first-page. Then I read &amp; got REALLY scared!! http://t.co/H75FtLw89r
EU has price caps on phone roaming charges, why doesn't it apply them to life-saving medicines? @DaHammerstein #changethelogic
De-link cost of medical R&amp;D to price of medicines by setting IP conditions of EU public money @DaHammerstein #changethelogic
RT @corporateeurope: Un rapport pointe l’influence excessive du secteur #pharmaceutique à Bruxelles via @lemondefr http://t.co/NogXonujl7 #…
RT @corporateeurope: #Pharma trade assoc. EFPIA got 50+ meetings with Commission in #TeamJuncker 's first 4½ months of office. See how: htt…
Public investments in R&amp;D must bring public benefits! Need reliable information on cost of Research, production &amp; trials @gaellekrikorian
Medical R&amp;D cost remains a total black box &amp; studies available show huge disparities of data @gaellekrikorian #changethelogic
"Substituting clinical trials with new IT technologies? In same cases, it could bring huge benefits" @ibelda #changethelogic
"Saying that #pharma industry is evil is an over simplification of the problem" @ibelda #changethelogic
Since the 80s no new antiobitic category has been developed - consequences is increasing drug-resistance #AMR @helleaagaard #changethelogic
.@helleaagaard the current medical R&amp;D model ignores unprofitable diseases &amp; slows down developments of much needed drugs #changethelogic
Nice #infographic by @GreensEP on medical R&amp;D system &amp; #access to #medicines #changethelogic @GHAFrance http://t.co/9rqBhzkOC7
In #Germany only 9% of prescribed drugs are patented but costs half of the total budget #changethelogic @GreensEP
In #Spain only #patients in wealthy regions  may afford #HepC #drugs @Saludporderecho Live from #changethelogic
#Greek MoH disappointed by @V_Andriukaitis inaction regarding the #humanitarian &amp; #Health emergency in #greece
#Greek MoH "we are in war but we don't have the bombs" - all resources devoted to #migration &amp; #troika didn't allow progress on #A2M
Live tweets from Reinventing #health R&amp;D system to ensure #access2medicines @GreensEP @MicheleRivasi @ernestmaragall http://t.co/EnoRrELqzP
On #WorldHumanitarianDay our thoughts go to @emergency_ong #doctors &amp; all #humanitarians working on the field. Thank you guys! @EmergencyUK
RT @StopTB: Thank you Humans of New York for showing the stories of people with #tuberculosis http://t.co/fdJ7ujh9ne @humansofny http://t.c…
Great piece by @JeffDSachs on "an American pharmaceutical company driven by unquenchable greed" http://t.co/OjiqHOTaXP @GileadSciences #HCV
RT @PauPruvost: #Voices4RESULTS @JeffDSachs says the SDGs call for boldness and universality.Our job is to ensure the measures of progress …
RT @YvonneChakaX2: @AndreaCorazza @GHAFrance @RESULTS_Tweets And you are my heros for advocatinging to #endpoverty &amp; make #healthforall a r…
RT @ResultsCda: “Where there’s HIV, there is TB. They go hand in hand.” Dr Vivian Hoang #voices4RESULTS @aerasglobaltb http://t.co/HVw4toKZ…
.@GHAFrance team with our hero @YvonneChakaX2 at #RESULTS  International Conference @RESULTS_Tweets #Voices4RESULTS http://t.co/lq3jwyyA75
@Mercato_RIOnale solo per dirvi che vi asolto LIVE da Washington in questi giorni...
Thanks @Mandy4Action @Ange_Pereira5 @kategoertzen @HLBowen @EviHarmon I just got that it's a very American word.But I like the way it sounds
Great vibe &amp; energy at the opening of the 35th @RESULTS_Tweets IC #Voices4RESULTS #Washington @GHAFrance @PauPruvost http://t.co/m0owzqZMmI
#EU health award for NGOs engaged in fighting #ebola. Opportunità interessante per @emergency_ong http://t.co/vbt4vrj1sQ @EMERGENCY_BE
With @theaidsalliance in #Kyiv to create an #EECA regional CSO support &amp; coordination platform @TBECoalition @enpud http://t.co/x6zEhqsM5W
#FFD3 Conference kicks off in Addis: Put #Equity at the Heart of a Well-Financed #Development Agenda http://t.co/WcvbewGnp2 @ACTION_tweets
RT @GHAFrance: We have a French name! Welcome to "Action Santé Mondiale" @Patochebertrand @AndreaCorazza @globalhealthadv @Clarslos @Read_S…
.@GHAFrance will always focus on the #health of the #poorest people on our #planet regardless of where they live http://t.co/VxqmL5a4qM
.@PauPruvost presenting @GHAFrance  2014-15 #nutrition goals at our board meeting. Amazing work guys!! @ACTION_tweets http://t.co/W3pmVIshbN
.@GHAFrance board looks at 2015 EU achievements: Riga declaration on TB, @gavi top up &amp; @GenerationNutri launch at EU http://t.co/1yidUJlfZm
"I want to be able to say it was this generation that finished off poverty"  @ATOxley @resultsuk http://t.co/xoxVEZpDVw #FFD3 @ACTION_tweets
@avery_artman @PauPruvost @RESULTS_Tweets Me too!!! NYC from Thursday with @tom_maguire8 Are you joining us?
RT @PeterASinger: 34 M children's lives saved http://t.co/MA0Bdma5Kr #EWECisMe @PMNCH @UnfEWEC
When talking about #accesstomedicines, we can't ignore the current model of innovation which creates dangerous monopolies @helleaagaard
What can the EU do 4 improving #accesstomedicines? socially responsible #licensing when using EU funds + global fund to #delink R&amp;D &amp; price!
What can the EU do for improving #accesstomedicines? Increase transparency of R&amp;D costs, joint procurement of drugs,... @LamataF 1/2
.@LamataF Why paying 20.000€ for a drug that cost 300€? #sofosbuvir #accesstomedicines @GHAFrance @eaEUHealth @HAImedicines @MSF_access
RT @HAImedicines: REPORT: Trading Away #AccessToMedicines: How the EU Trade Agenda Continues to Undermine Access to Meds http://t.co/TYyg01…
.@TheProgressives workshop on #accesstomedicines started in 3G3 room at the @Europarl_EN @MSF_access @medecindumonde http://t.co/EkgC6VGpw2
Welcome to @eu2015lu! Looking forward to seeing your work on #publichealth: #innovation #access #patientsneeds at the center of your efforts
RT @Igna84: Extremely positive experience with @globalhealthadv and #SaveTheChildren #Fiji in a small village during #ACPEU http://t.co/K8P…
RT @EMERGENCY_BE: Let's start the week with some figures: @emergency_ong has treated a person every 2 minutes for 21 years. Impressive! htt…
#health financing event at #ACPEU Blog &amp; pics at https://t.co/g1nfhWHp82 @MimicaEU @GirautaOficial @globalhealthadv http://t.co/eKm8w1oXbM
#EPWG visits Kalekana in #Fiji to learn about #child #nutrition http://t.co/lCFJIXteMU @derekvaughan @joachimzeller http://t.co/FkdN6mydTT
#EPWG visits Kalekana in #Fiji http://t.co/lCFJIXteMU @bodilvalero @Igna84 @MicheleRivasi @ckyenge @davidmartinmep http://t.co/ATnMbsPLAU
RT @GHAFrance: We attended the ACP-EU parliamentary last week. Check out what we achieved: http://t.co/9v4xBL2HKd 
@AndreaCorazza @globalhe…
RT @EMERGENCY_BE: Check out new t-shirts by @zerocalcare @giannigipi @scottecs &amp; @pandalikescom and help @emergency_ong http://t.co/nlwXFRF…
RT @globalhealthadv: More #EU leadership in the fight against #DRTB #TUBERCULOSIS #ACPEU says @catherinemep http://t.co/mjnksGNZKY
"There is nothing more importante than the right to #health" @GirautaOficial  #HealthForAll #EUACP #fiji http://t.co/YYPfeGjhch
.@Igna84 denounces the power of #pharma industry &amp; restriction of access to #healthcare taking place in #Europe http://t.co/eAsrRL1d9c
Exchanging experiences from #zimbabwe regarding #access to #health at #ACPEU #JPA http://t.co/rrvWZSysTp
.@JavierNart stresses the importance of tackling issues related to human resources for #health in a comprehensive way http://t.co/Kkpneqf4sh
.@MimicaEU got very challenging questions from @Arne_Gericke @BodilCeballos &amp; @MicheleRivasi, especially on @IMI_JU http://t.co/9qpWIcWvzO
Great to see many MEPs committed to #GlobalHealth at #ACPEU #JPA #patientsneedsfirst #EPWG @Europarl_EN @eaEUHealth http://t.co/cZUy9VuuXt
.@GirautaOficial speaks of 
#pricing &amp; #IP of essential #medicines at #JPA #ACPEU #EPWG event @MSF_access @GHAFrance http://t.co/o9aHWIFu8a
.@MimicaEU "@EU_Commission willing to see @gavi &amp; @GlobalFund to incresingly invest in #HSS" @europeaid @GHAFrance http://t.co/FPLlyiiriI
Sun finally shining at #Suva - right on time for the #ACPEU #JPA opening &amp; traditional ceremony #Fiji @Europarl_EN http://t.co/4WAC95bZzn
#EUACP #JPA opening in #Fiji with traditional ceremony - after this #health financing event with @MimicaEU #EPWG http://t.co/5Ap42Hgn7w
Time to recognise #AMR as a top threat to #globalhealth https://t.co/LwAErJdHhP @RESULTS_Tweets @ACTION_tweets @GlobalHealthOrg @WHO #G7 #TB
RT @PauPruvost: Looking forward to attending the 2015 one! @AndreaCorazza  https://t.co/EB7FI9hd7f
Dr Chan "#EbolaResponse was awfully late" #EDD15 #EDD_health EPWG exhibition at Village explains existing challenges..come &amp; visit! @WHO
Dr Chan speaking now at auditorium 3 about #Ebola epidemic &amp; callenges ahead @WHOatEU @WHO #EDD15 #EDD_health http://t.co/9lLxB8K9Dj
Don't miss HLP on right to #health at #EDD15 #EDD_health Ongoing in Room A3 @GlobalFund @AFGHnetwork @theaidsalliance http://t.co/ufpInTNxUW
RT @EmiPeeters: Right to health #EDD15 High Level Panel with @MamaDaktari @niwagabanic @GlobalFund #EDD_health @AFGHnetwork http://t.co/Qbc…
So many announcements &amp; pledges for #nutrition today at #EDD15 which I cannot list them! @DFID_UK @gatesfoundation @giz_gmbh @europeaid
.@melindagates announces @gatesfoundation will double efforts to fight #malnutrition #EDD15 @ACTION_tweets @DFID_UK http://t.co/denaALki8N
RT @Christos_Marazo: "All lives have equal value" said @melindagates at the #EDD15 &amp; in support of @EYD2015 #EYD2015 http://t.co/W5ASXIVGzM
RT @EU_Commission: #EU launches new partnership to combat undernutrition w/ @GatesFoundation: http://t.co/ioZcxMi22O @MimicaEU #EDD15
RT @prioritesante: Patrick Bertrand : Il y a beaucoup de  discours sur les couvertures médicales mais peu d'action par manque de financement
.@Patochebertrand speaking at @prioritesante on #health #financing &amp; #access @GHAFrance @ACTION_tweets #EDD15  https://t.co/Z401baETra
RT @prioritesante: Patrick Bertrand : L'OMS ne doit pas travailler qu'avec les gouvernements mais aussi avec les communautés.
RT @UNAIDS: "Health must be perceived as investment not a cost." Executive Director @MichelSidibe in interview w/@RFI in Brussels http://t.…
Interested in knowing more about #health challenges in developing countries? Come to visit #EPWG stand at #EDD15 http://t.co/eiPRJiH6Gr
.@EU_Commission attention for #development well represented by President @JunckerEU forgetting his  speech in his office at #EDD15 opening
.@GHAFrance &amp; @MSF_access welcome you to the EPWG Exhibitions at #EDD15 @RepBecerra @Konecna_K @Europarl_EN http://t.co/2qS4T13i63
.@GHAFrance &amp; @MSF_access welcome you to the EPWG Exhibitions at #EDD15 @GlenisWillmott @judithineuropa @europeaid http://t.co/MlstziUwKM
Volunteers of @EMERGENCY_BE with @FiorellaMannoia Thanks for supporting @emergency_ong http://t.co/lSPjWYC8b4
RT @rolandgarros: All good things must come to an end. 3hrs 50mins later and @Schiavone_Fra d. Kuznetsova 6-7(11) 7-5 10-8. #RG15 http://t.…
RT @FrazerGoodwin: @AndreaCorazza @eaDevPol @eaEUHealth Breaking such an often repeated promise also breaks trust: my blog https://t.co/iRg…
@FrazerGoodwin @eaDevPol @eaEUHealth doesn't surprise me!
#EU ministers abandon 0.7% target to uncertain future http://t.co/2t8NkUhrLf @eaDevPol @eaEUHealth #development #FfD3 #SDGs #post2015
RT @TBECoalition: Nonna wraps up the our #advocacy workshop w/ a session on public speaking #TB #CHAFEA #wolfheze http://t.co/0UfQUdGlnF
RT @WHO_Europe_TB: Burden of #XDR #TB is largely uncertain: only 52% of notified #MDR have #SLD #DST results @WHO_Europe @AndreiDadu http:/…
RT @TBECoalition: Day 2 of our #advocacy workshop kicks off with the designing of specific country #TB action plans #Wolfheze #CHAFEA http:…
RT @GlenisWillmott: Good luck to YES campaigners in Ireland today. Marriage should be for all         #MarriageEquality @LGBTIintergroup ht…
RT @EMERGENCY_BE: .@emergency_ong celebrates its 21th birthday this month! Thanks to all supporters, staff and volunteers @EmergencyUK http…
RT @EMERGENCY_BE: Novelist &amp; poet @Erriders at @Piolalibri on Thu 4 June at 18.57. We'll be there to raise funds for @emergency_ong http://…
@Crickovich Just check who favourited your tweet..lol
@Crickovich my pleasure :)
RT @TBECoalition: Thanks @GFadvocates for sharing our report on decline of @GlobalFund funding #TB and #HIV. View all our reports here http…
RT @EMERGENCY_BE: The 68th World Health Assembly starts today - for the first time anyone can follow the discussions live at http://t.co/4Y…
RT @WHO: World Health Assembly starts tomorrow. 
Not in Geneva? Follow #WHA68 via live webcast http://t.co/W58YMAM3cs http://t.co/kOmTGwYMDU
Una piccola tassa sulla #finanza, una grande risorsa per i piú poveri. Grazie @ZeroZeroCinque https://t.co/UCwdHqjIoz @LiaQuartapelle
Debunking the myths around #UHC - nice short video by @SavetheChildren &amp; @GSK https://t.co/WYwhsvqG0T #Health4All #health #Rwanda
.@BillGates calls on @NATO to make #epidemic response a priority. Feasible? http://t.co/86ma9C3dUV @NATOpress @gateshealth @POLITICOEurope
RT @EMERGENCY_BE: Our best wishes to all mothers that fight everyday to give their #children a better #future. Happy #MothersDay http://t.c…
.@Europarl_EN @EU_Commission @EUCouncil @EuropeanCounci1 @POLITICOEurope @EuropeanVoiceEV @EurActiv @emergency_ong  https://t.co/H0s1i9CFEb
RT @GHAFrance: We're hiring a Media and Communications Officer based in Paris! 
Application before the 19th of May http://t.co/2GPfZZje7e
P…
RT @YNatsis: Innovative pricing? Why not focus on lowering medicines prices first instead of looking for ways to pay these high prices? #Ac…
Thanks @Frank_MdM to state that high prices imposed by #pharma aren't acceptable! medical innovation system must be changed!! #accesshealth
.@Frank_MdM 1 year after the EU elections: health budget cuts,financial and legal barriers,high drugs' prices..wasn't #accesshealth a right?
.@eupatientsforum Social disparities have grown &amp; too many barriers to #accesshealth still exist, including in the #EU. @eaEUHealth @WHOatEU
RT @Cynthiouze: .@lojzepeterle suggest to create a #EuropeanSemester  for #Health for better functionning of the EU #AccessHealth
RT @lojzepeterle: #AccessHealth 1 year after EU elections - my political priority #HealthFirst more Europe and more health http://t.co/XCnI…
RT @ChoKolia: "Let's create a European Semester of Health" said @lojzepeterle #WhyNot #EconomyEverywere #Accesshealth cc @egagenerics
Does @JunckerEU understand the added value of #EU engaging further in #health? Ask @karinkadenbach #accesshealth @EPHA_EU @MdM_France
RT @ChathamHouse: Global health: How prepared are we for the next crisis? David Heymann writes for @BBCNews: http://t.co/pJb6jFnRhy http://…
"You can help the world save 34 million lives" @BillGates http://t.co/74MhrnSRfD #tuberculosis @GlobalFund @qz @gateshealth @ACTION_tweets
European #Development Report 2015 is online http://t.co/8HxFX3NxHw #ERD2015 #post2015 @MimicaEU @europeaid @eaDevPol @ODIdev @UNDP #finance
Enlightening film on the broken #innovation model by @Saludporderecho http://t.co/qChIqD3Rst @DNDi @MSF_access @PATHtweets @ISGLOBALorg
Why the #industry responsible for developing life-saving #medicines is the one making the biggest #profit? http://t.co/INwtJnIUbU @BBCWorld
The #documentary they don't want you to see http://t.co/qChIqD3Rst #health #research @ElsTorreele @DaHammerstein @jamie_love @eaEUHealth
Thanks @Saludporderecho for this great #documentary explaining why the current #medical #research system is broken http://t.co/qChIqD3Rst
RT @GlenisWillmott: Peace &amp; security month #EYD2015. Now it is more important than ever that we work together to promote peace across the E…
RT @EMERGENCY_BE: The Face of Treatment: @PietertenHoopen in @emergency_ong hospitals in #Sudan &amp; #CAR
https://t.co/RzlWgvqlBT http://t.co/…
RT @EMERGENCY_BE: A man's journey: from #Mali to #Italy https://t.co/SyBFygGH4M @EmergencyUK #migrants @Refugees @iamCARITAS @migrants_righ…
@giampaz Complimenti per il suo intervento a @PiazzapulitaLA7 e soprattutto per la vostra ricerca approfondita sulla tratta di esseri umani
I just visited #Tajikistan &amp; worked with former #TB #patients there.Read my blog at http://t.co/WNDYcO0cUV @StopTB @TBECoalition @GHAFrance
This #WorldImmunizationWeek, stand with girls &amp; women demanding better healthcare. Sign the #PovertyIsSexist petition http://t.co/Xl7tEaLnHt
Cases of #Polio in Afghanistan are declining. Only 4 cases so far in 2015: http://t.co/aTOIbtlCHJ #WIW2015 #PolioFreeWorld
What lessons are there to learn from the recent #measles outbreak in #Berlin?http://t.co/GXW3rHzzJa @GHAFrance @ACTION_tweets @eaEUHealth
RT @EMERGENCY_BE: In 2015, 1 in 5 children has no #access to #vaccines. Check @emergency_ong work in #Sudan to close this gap http://t.co/R…
What will it take to #EndPolio in #SouthSudan? @darcylunn assesses the progress &amp; the way forward: http://t.co/QJdpdRKqqC #WIW2015
RT @EMERGENCY_BE: Today #Italy celebrates 70 years of #freedom and #democracy. Happy #25April to all! #25aprile #emergency #liberazione htt…
RT @MSF_access: You can't #AskPharma quietly. Sometimes you have to make some noise to get a fairer price for vaccines. http://t.co/j0s0Sjr…
RT @MSF_access: .@Pfizer @GSK if your life-saving vaccines only cost $█ to make, why are you charging $████████? #AskPharma
RT @StefZannini: Perché la guerra non è un problema loro, è un fallimento di tutti #25aprile #25aprileSempre #25aprilePerIMigranti http://t…
RT @EMERGENCY_BE: Our condolences to #LoPorto &amp; #Weinstein's families. They went to #Pakistan to help people @Welthungerhilfe @emergency_on…
RT @AFGHnetwork: #UHC meeting on monitoring &amp; accountability on national and global process on UHC has begun! @MartenRobert #post2015 http:…
.@innovationunion @helleaagaard @msf_field @msf_tb @TBECoalition @dsw_worldwide @aerasglobaltb @eaEUHealth  https://t.co/BPtSQ7V3pM
RT @EMERGENCY_BE: We need policies 4 the protection of #refugees #migrants &amp; #asylumseekers Now, before the next tragedy! #HumanRights http…
RT @europeaid: 24000 health workers conducted house-to-house visits in #Iraq for Global #Polio Eradication Initiative http://t.co/93VkFzZhA…
RT @SOS_Europe: The #FuneralMarch is leaving place de la liberté now! Join us en route or at Schuman! #SOSEurope http://t.co/rgXiyQCFoy
RT @EMERGENCY_BE: .@emergency_ong is working in #Sicily to offer basic #healthcare 2 #migrants &amp; #refugees who cross the #Mediterranean htt…
RT @EMERGENCY_BE: Happy birthday to #GinoStrada &amp; thanks for your work promoting #peace and universal free access to #health @emergency_ong…
RT @EMERGENCY_BE: "Safe, legal routes of entry into #Europe are needed...before the next #carnage" @emergency_ong #migrants #Sicily #Medite…
RT @USAIDGH: Why is #TB still a problem? Learn more in this quick video from @NBCNews: http://t.co/YOAYuJl0Ff http://t.co/SE1vxdVzdD
RT @hw4all_eu: #HealthWorkforce challenges mentioned in @EU_Commission's Country Reports of 7 member states- CR,FR,HU,LV,PL,PT &amp; ES: http:/…
Tomorrow @TBECoalition starts its visit to #Tajikistan. 1st in Central Asia #fightTB2015  @eaEUHealth @StopTB #tuberculosis @WHO_Europe_TB
RT @MSF: MSF and @moas_eu will soon be launching a joint search &amp; rescue operation in the Mediterranean http://t.co/fmJBizvZfi http://t.co/…
#Map of deadliest #infectious #diseases by @Upworthy.Still a lot of work to do! #HIV #tuberculosis #AIDS @WHO @gavi http://t.co/LKdsOsqiQS
RT @OxfamEU: Not good! Overseas aid by EU governments stagnates, leaving millions of poor people @ risk @CatherineEUspox @MimicaEU http://t…
#Safefood is nutritious food. Meet @AdedeJames2013, working to improve #nutrition funding in #Kenya http://t.co/IMxjnd3RBC #WorldHealthDay
Supporting a great idea by @dorsie78 @yankeeu @EPHA_EU @EuroHealthNet1 #publichealthweek #health #EU @toiapatrizia  https://t.co/PtJXMg14LP
RT @AFGHnetwork: EU donors have again failed on health #ODA targets, or even 1/2 @WHO minimum requirements of 0.1% GNI http://t.co/SqwxL4ZA…
RT @EMERGENCY_BE: On #WorldHealthDay we're close to professionals saving lives &amp; bringing hope in the #field #Afghanistan #Iraq #SierraLeon…
RT @EMERGENCY_BE: Today is #WorldHealthDay and we'd like to mark it with this quote by @NelsonMandela #health #WHD2015 @EU_Health @WHO http…
Do you know @emergency_ong is present in #Belgium?Follow @EMERGENCY_BE for updates on activities in #Brussels #health #emergency #Ebola
RT @EMERGENCY_BE: Nemico del Popolo at Lumen Theatre #Ixelles on 17-18 April! Don't miss it!! @abruxelles @brussellando @IICBruxelles http:…
.@TBECoalition press release about #TB ministerial just concluded http://t.co/vhCiMQ7O0w #RigaTB  @StopTB @GlobalFund @MSF_access @EU_Health
.@TBECoalition press release about #TB ministerial just concluded #RigaTB http://t.co/vhCiMQ7O0w @APiebalgs @V_Andriukaitis @bealorenzin
Press conference of the 1st European Ministerial Meeting on #tuberculosis https://t.co/1mI0WNHxk5 @StopTB @eu2015lv @GlobalFund #RigaTB
"The #RigaDeclaration provides a solid foundation for the eradication of #TB in #Europe" @V_Andriukaitis @EU_Health #RigaTB @TBECoalition
@MSF_access calls on the #EU to triple funding for #TB R&amp;D https://t.co/o49DqYxN37 @innovationunion @Moedas @EU_Health @APiebalgs #RigaTB
RT @GHAFrance: .@Kazatchkine "Health is politics... Equity should be at the center of the TB response" #RigaTB http://t.co/ojqsLxlAu9
RT @GHAFrance: #RigaTB @Kazatchkine "Il faut adapter les systèmes de santé aux patients et non demander aux patients de s'adapter aux systè…
RT @GHAFrance: .@LucicaDitiu Lack of TB R&amp;D funding in Europe #RigaTB 
India outspends France, Germany and most European countries http://t…
RT @TBECoalition: Paul Sommerfeld: local organisations provide gr8 tool in ensuring that TB patients have access to treatment #RigaTB http:…
"MDR-TB is the major hurdle for #tuberculosis care &amp; control in #Europe" @kncvtbc #RigaTB @WHO_Europe @ECDC_EU @EU_Health @V_Andriukaitis
RT @StopTB: Dr Manica Balasegaram from MSF: "We need a new model for TB R&amp;D with a more open and collaborative approach" #RigaTB http://t.c…
"We need to rethink R&amp;D model:pooling resources &amp; knowledge + ensuring access" @MBalasegaram @MSF_access #RigaTB http://t.co/kyP5DUnu4s
"The challenge is now to transform good intention in concrete actions" Follow #RigaTB live at http://t.co/kyP5DUnu4s @MSF_access @TBVI_EU
"Why #Europe has lost its leadership in R&amp;D for #TB? We need new tools to defeat TB "@DFID_Research @innovationunion @francediplo #RigaTB
.@LucicaDitiu "We need the enthusiasm of R&amp;D people &amp; donors to develop new #vaccine, diagnostics &amp; treatments to beat #TB" @Moedas #RigaTB
"Partnership building for R&amp;D" panel starting now @LucicaDitiu @EU_Health @EuropeanVoiceEV #RigaTB @Moedas follow at http://t.co/kyP5DUnu4s
"#Tuberculosis does NOT respect borders &amp; still represents a significant threat to our public #health" Follow live https://t.co/R9bHgyc230
Do you know that the 1st European Ministerial Meeting on #Tuberculosis is taking place now? Here the agenda https://t.co/R3IIaNiwt8 #rigaTB
Follow live the 1st European Ministerial Meeting on #tuberculosis http://t.co/kyP5DUnu4s @GHAFrance @TBECoalition @StopTB @ECDC_EU #RigaTB
1st Euro Ministerial on #TB is key for regional fight against #Tuberculosis.Tell your Minister to attend http://t.co/hxlVvq2EVT #fightTB2015
1st Euro Ministerial TB summit is critical for regional fight against #tuberculosis #MDRTB, but leaders must show up! http://t.co/ArJeIYPgqB
Nice piece by @bmeessen on #health financing @HealthFinAfrica @MicheleRivasi @catherinemep #Ebola #ACP @eu_echo http://t.co/qdCOaCSHoh
RT @HealthFinAfrica: Assemblée Parlementaire ACP-UE - @bmeessen  encourage @MicheleRivasi à réaliser sa proposition sur #ebola. http://t.co…
RT @ACTION_tweets: "You can't change the face of #TB without communities" - #TB survivor Safar @globalhealthadv #WorldTBDay http://t.co/0PH…
RT @Moedas: On the #WTBD2015, let's remember that #Research is still needed against #Tuberculosis http://t.co/uMWZXyZL7U
New data shows #TB is leading edge of growing drug-resistance wave --&gt; This #WorldTBDay, we can't afford inaction http://t.co/JvmM2x8FtO
Today is World #Tuberculosis Day, do you know why #TB is still a threat? @ISGLOBALorg explains you http://t.co/JoKedTZgrM  #fightTB2015
RT @theKCteam: Zero #tuberculosis death and suffering in the European region requires your support. Take Action on http://t.co/Y3iMQrha5G #…
122 tweets &amp; 186k reach to call @V_Andriukaitis to stir regional action against #TB in #Riga Thanks #fightTB2015 #Andriukaitis #WTBD2015
The European #TB community asks @V_Andriukaitis to stir concrete regional action in #Riga #fightTB2015 @EU_Health @MSF_access #Andriukaitis
End #tuberculosis in #Europe. #Andriukaitis needs to stir concrete regional political action in #Riga #fightTB2015 http://t.co/fkVZ6vYIss
40 mins to #fightTB2015 action targeting @V_Andriukaitis.Ask for regional action against #tuberculosis in Europe at https://t.co/2QkYEPzl3n
It's World #TB Day!In a week European Ministers will meet to address the problem.Find out more http://t.co/d0BgMjcdes #fightTB2015 #WTBD2015
Last two hours to join our action for World #TB Day! Check it out https://t.co/2QkYEPzl3n @StopTB @LucicaDitiu @TBECoalition @GHAFrance
Few hrs to #WTBD2015 Support our message for regional action against #tuberculosis in Europe https://t.co/2QkYEPzl3n @GlobalFund @WHO_Europe
24/03 is #WTBD2015!We need your support to raise awareness about/#Tuberculosis in #Europe.Join #fighttb2015 message https://t.co/2QkYEPzl3n
Great to have @UNVolunteers supporting #fightTB2015! @MayorofLondon @APPGTB @DepMayorLondon @FindandTreat join us https://t.co/2QkYEPzl3n
24/03 is World TB Day @MayorofLondon we need your support to bring attention to TB in Europe.Please join our message https://t.co/2QkYEPzl3n
RT @owstonlewis: Good speech by Zulifya of @TBECoalition , speaking re TB in #Tajikistan to students from 5 countries @AndreaCorazza http:/…
RT @msf_tb: Join in to help fight tuberculosis in Europe on @ThunderclapIt @AndreaCorazza http://t.co/fphVC4W2nM Takes less than a min. Tha…
Thanks @msf_field for supporting #fightTB2015 last 18 hours to join our thunderclap https://t.co/lnFI3wjSw1 @theaidsalliance @nickherbertmp
Last day 2 support #fighttb2015 twitter storm for World TB Day!Join at https://t.co/hUCHvKk9jh @TBProof @diddyfilms @MattO_TB @nickherbertmp
RT @SteliosKoul: Zero #tuberculosis death &amp; suffering in the European region requires your support: http://t.co/xfHCx9rgnu #fightTB2015 #Sy…
#UHC is strongly aligned with European values and experience. Let's promote it! @bmeessen @ITMantwerp @MicheleRivasi @catherinemep #ACP #EU
Why to invest in #health? Because citizens are asking for it!! @bmeessen @ITMantwerp #ACP @europeaid @WorldBank @MSF_access @globalhealthadv
Prof. @bmeessen at #ACP #EU #JPA speaking about the importance of #health #financing and the role of #Parliaments @Europarl_EN @GHAFrance
@SteliosKoul Thanks for supporting #fightTB2015 - please join our message for World TB Day https://t.co/2QkYEPzl3n
RT @anjanielsen_: #MDRTB is a European problem &amp; requires immediate attention.Will @V_Andriukaitis take action in Riga? #fightTB2015 http:/…
5 days to World #Tuberculosis Day 2015! @V_Andriukaitis see you in #Riga to stop #TB in #Europe #fightTB2015 @EU_Health @StopTB @WHO_Europe
Thanks @LucicaDitiu for supporting the #fightTB2015 campaign! Who will be the 100th supporter? https://t.co/2QkYEPzl3n #TBriga #WTBD2015
Hökumətimiz bu il vərəm üzrə nə qədər xərcləyib? Vərəmlə mübarizəyə maliyyə təmin etmək üçün Riqada görüşərik @health_gov_az #fightTB2015
Thanks @MSF_access for supporting #fightTB2015! @STOPAIDS @theaidsalliance @WHO_Europe_TB @nickherbertmp join us at https://t.co/2QkYEPzl3n
#MDRTB սպառնալիք է Եվրոպայում! Ձեր աջակցությունն է անհրաժեշտ կանխելու ճգնաժամը. Կհանդիպենք Ռիգայում #armenia #fightTB2015 #Tuberculosis
#MDR #TB ohustab Euroopat! Kriisi vältimiseks vajame teie abi. Näeme Riias! @sotsiaal @rahandus #fightTB2015 http://t.co/iDvF9mof8X
RT @michellejfrench: I just supported Fight Tuberculosis in Europe on @ThunderclapIt // @AndreaCorazza http://t.co/qdJGIcPhgE
#MDR #TB poses a threat to #Ukraine &amp; Europe!Show your support https://t.co/2QkYEPQVUV #fightTB2015 @Yatsenyuk_AP @uatodaytv @Kabmin_UA_e
RT @Nat_GRIESBECK: La Tuberculose tue 5 personnes chaque heure en Europe ! Je soutiens la campagne #FightTB2015 @TBAlliance http://t.co/dGR…
@LavelleKenneth Hi, have you supported the #fightTB2015 thunderclap for World TB Day? -9 supporters to the target https://t.co/2QkYEPzl3n
RT @TheresaMEP: Pleased to have signed the Barcelona Declaration fighting to end TB in Europe
You can too: http://t.co/tEdQaPXl2S #fightTB2…
Zero deaths &amp; suffering from #TB in Europe. Support #FightTB2015 call for action https://t.co/2QkYEPzl3n @AIDSVaccine @RedCrossEU @APiebalgs
Zero deaths &amp; suffering from #TB in Europe. Support #FightTB2015 call for action https://t.co/2QkYEPzl3n @PATHtweets @theaidsalliance
Thanks @ERSTalk 4 supporting #fightTB2015! @ONEbrussels @StoppTB @theaidsalliance @AIDSVaccine @LucicaDitiu join us https://t.co/2QkYEPzl3n
@HT_Giveaway please support our thunderclap https://t.co/2QkYEPzl3n
@tb_or_not_tb_uk Hi Sarah! have you already joined our thunderclap? - 17 to our target - support us! https://t.co/2QkYEPzl3n #fightTB2015
Thanks @EPHA_EU for supporting! We look forward to having @PATHtweets @EDCTP @RedCrossEU @EuroHealthNet1 @msf_tb @theaidsalliance @uclh
How can we stop #TB in Europe?Join our #fighttb2015 campaign and support our thunderclap https://t.co/2QkYEPzl3n @PATHtweets @EDCTP @EPHA_EU
RT @helleaagaard: The Innovative Medicines initiative @IMI_JU being investigated in today's @destandaard: http://t.co/LNT9Haj4zR
@LavelleKenneth please support our thunderclap for World TB Day at https://t.co/2QkYEPzl3n thanks!
@Ptisile please support the #fightTB2015 campaign! join our thunderclap for World TB Day at https://t.co/2QkYEPzl3n -24 to the target
@WHO_Europe_TB please support the #fightTB2015 campaign! join our thunderclap for World TB Day at https://t.co/2QkYEPzl3n -24 to the target
@GEidimtaite you can also sign on to our thunderclap for World TB Day at https://t.co/2QkYEPzl3n #fightTB2015 thanks again!!!!
@GEidimtaite Thanks again for ur help with the TB campaign!you can check it out &amp; take action at http://t.co/hxlVvqkgkt - it's going great!
@ellyesse il 24/03 e' la giornata mondiale contro la tubercolosi;aderisci alla ns campagna sostenendo questo tweet  https://t.co/2QkYEPzl3n
@MCVergiat Soutenez svp notre campagne contre la tuberculose en Europe en rejoignant le thunderclap ici https://t.co/2QkYEPzl3n #fightTB2015
@desarnez Soutenez svp notre campagne contre la tuberculose en Europe en rejoignant le thunderclap ici https://t.co/2QkYEPzl3n #fightTB2015
Soutenez notre campagne contre la tuberculose en Europe en rejoignant notre thunderclap ici https://t.co/2QkYEPzl3n #fightTB2015  Merci
@davidmartinmep please support the #fightTB2015 campaign against Tuberculosis! join our thunderclap for World TB Day https://t.co/2QkYEPzl3n
@derekvaughan please support the #fightTB2015 campaign against TB in Europe!Join our thunderclap for World TB Day at https://t.co/2QkYEPzl3n
@NathalieNWH please support the #fightTB2015 campaign against TB in Europe! join our thunderclap for World TB Day at https://t.co/2QkYEPzl3n
@FionaHallEU please support the #fightTB2015 campaign against TB in Europe! join our thunderclap for World TB Day at https://t.co/2QkYEPzl3n
@TAGTeam_Tweets please support the #fightTB2015 campaign against TB! join our thunderclap for World TB Day at https://t.co/2QkYEPzl3n
@TBProof please support the #fightTB2015 campaign against TB in Europe! join our thunderclap for World TB Day at https://t.co/2QkYEPzl3n
@GAndonaire please support the #fightTB2015 campaign against TB in Europe! join our thunderclap for World TB Day at https://t.co/2QkYEPzl3n
@mgracacarvalho please support the #fightTB2015 campaign against TB in Europe! Join thunderclap for World TB Day at https://t.co/2QkYEPzl3n
@AnaGomesMEP please support the #fightTB2015 campaign against TB in Europe! join our thunderclap for World TB Day at https://t.co/2QkYEPzl3n
#fightTB2015 supports @eu2015lv Ministerial on Tuberculosis!Please promote &amp; join our thunderclap for World TB Day https://t.co/2QkYEPzl3n
@RBaptistaLeite please support the #fightTB2015 campaign against TB in Europe!Join our thunderclap for World TB Day https://t.co/2QkYEPzl3n
@edgarsrinkevics civil society supports the fight against #TB in #Europe and #Latvian ministerial in March! join us https://t.co/2QkYEPzl3n
@DacianaSarbu please support the #fightTB2015 campaign against TB in Europe!Join our thunderclap for World TB Day at https://t.co/2QkYEPzl3n
@LindaMcAvanMEP please support the #fightTB2015 campaign! join our thunderclap for World TB Day at https://t.co/2QkYEPzl3n
@borgton please support the #fightTB2015 campaign against TB in Europe! join our thunderclap for World TB Day at https://t.co/2QkYEPzl3n
@HeidiHautala please support the #fightTB2015 campaign! join our thunderclap for World TB Day at https://t.co/2QkYEPzl3n  -26 to the target
@matteorenzi il 24/03 e' la giornata mondiale contro la tubercolosi.Sostenga la campagna contro la tbc in Europa https://t.co/2QkYEPzl3n
@vickyford please support the #fightTB2015 campaign! join our thunderclap for World TB Day at https://t.co/2QkYEPzl3n -29 to the target
@mcashmanCBE please support the #fightTB2015 campaign! join our thunderclap for World TB Day at https://t.co/2QkYEPzl3n -29 to the target
@TheresaMEP please support the #fightTB2015 campaign! join our thunderclap for World TB Day at https://t.co/2QkYEPzl3n -29 to the target
@toiapatrizia onorevole, sostenga la nostra campagna contro la tubercolosi in Europa #fightTB2015 https://t.co/2QkYEPzl3n grazie!
@mmatias_ please support the #fightTB2015 campaign! join our thunderclap for World TB Day at https://t.co/2QkYEPQVUV -29 to the target
@Eka_ia please support the #fightTB2015 campaign! join our thunderclap for World TB Day at https://t.co/2QkYEPzl3n -29 to the target
@lukasfendel please support the #fightTB2015 campaign! join our thunderclap for World TB Day at https://t.co/2QkYEPzl3n -29 to the target
@catherinemep please support the #fightTB2015 campaign! join our thunderclap for World TB Day at https://t.co/2QkYEPzl3n -29 to the target
@jpatadams please support the #fightTB2015 campaign! join our thunderclap for World TB Day at https://t.co/2QkYEPzl3n -29 to the target
@v_barbagallo please support the #fightTB2015 campaign! join our thunderclap for World TB Day at https://t.co/2QkYEPzl3n -29 to the target
@nickherbertmp @MattO_TB support the #fightTB2015 campaign! join our thunderclap for World TB Day at https://t.co/2QkYEPzl3n @TBECoalition
@UNITAID please support the #fightTB2015 campaign! join our thunderclap for World TB Day at https://t.co/2QkYEPzl3n -29 to the target
@newtbdrugs please support the #fightTB2015 campaign! join our thunderclap for World TB Day at https://t.co/2QkYEPzl3n -29 to the target
@CharlesGoerens svp de soutenir avec votre twitter notre message pour la Journée Mondiale contre la tuberculose https://t.co/2QkYEPzl3n
RT @StopTB: Join the Thunderclap to End #tuberculosis in #Europe - 31 supporters to reach our goal #fightTB2015 http://t.co/HvAL6oOTOx  #wo…
RT @MegsWJ: @AndreaCorazza I have indeed supported Fight TB in Europe on thunderclap! What about @Lauramakerr @ashiroor @tom_maguire8 ?
RT @Vanessa_Boas: Want to make a difference in fighting #tuberculosis in #Europe? Check out the @TBECoalition campaign! http://t.co/SXBmhn8…
@MegsWJ Hi Megan! have you already supported our thunderclap https://t.co/2QkYEPzl3n we need to get to a 100!! thanks!
How much has #Bulgaria spent on TB this year? See you in Riga to ensure funding for TB #fightTB2015 @BoykoBorissov http://t.co/rdpU1TY9XZ
#tuberculosis is a European problem &amp; requires immediate attention.
Help #fightTB2015 in #Azerbaijan #fightTB2015 http://t.co/iDvF9mof8X
#MDRTB е европейски проблем и изисква непосредствена реакция. Помогнете #fightTB2015 @BoykoBorissov http://t.co/rdpU1TY9XZ
So proud 2 follow the beat of justice with @YvonneChakax2 @KorogaFestival Health for All is a Right! @ACTION_tweets @StopTB @capitalfm_kenya
@jonathanjstillo have you joined our thunderclap for WTBD? Lets get to a +100,000 reach to fight TB in Europe https://t.co/2QkYEPzl3n
@GlenisWillmott make ur 6k followers aware of the #fightTB2015 campaign by joining our thunderclap for World TB Day https://t.co/2QkYEPzl3n
@EPHA_EU do you know the #fightTB2015? Lets get to a +100,000 reach to fight TB in Europe - join our thunderclap! https://t.co/2QkYEPzl3n
@hansmerket do you know #fightTB2015? Support our thunderclap and lets get to a +100,000 reach! https://t.co/2QkYEPzl3n
@j_stratmann do you know #fightTB2015? Support our thunderclap for #WTBD2015 and lets get to a +100,000 reach! https://t.co/2QkYEPzl3n
@EmiPeeters do you know #fightTB2015? Support our thunderclap for #WTBD2015 and lets get to a +100,000 reach! https://t.co/2QkYEPzl3n
@MichelSidibe do you know #fightTB2015? Support our thunderclap for #WTBD2015 and lets get to a +100,000 reach! https://t.co/2QkYEPzl3n
@HelenClarkUNDP do you know #fightTB2015? Support our thunderclap for #WTBD2015 and lets get to a +100,000 reach! https://t.co/2QkYEPzl3n
@GlobalFund do you know #fightTB2015? Support our thunderclap for #WTBD2015 and lets get to a +100,000 reach! https://t.co/2QkYEPzl3n
@LucicaDitiu Hi Lucica, don't forget to support the #fightTB2015 thunderclap for #WTBD2015 https://t.co/2QkYEPzl3n echo our message!!
@IMI_JU do you know about the #fightTB2015 campaign? check http://t.co/hxlVvqkgkt &amp; support us on #WTBD2015 https://t.co/2QkYEPzl3n
@EDCTP do you know about the #fightTB2015 campaign? check http://t.co/hxlVvqkgkt &amp; support us on #WTBD2015 https://t.co/2QkYEPzl3n
@MDGHealthEnvoy do you know about the #fightTB2015 campaign? check http://t.co/hxlVvqkgkt &amp; support us on #WTBD2015 https://t.co/2QkYEPzl3n
@Kazatchkine do you know about the #fightTB2015 campaign? check http://t.co/hxlVvqkgkt &amp; support us on #WTBD2015 https://t.co/2QkYEPzl3n
@UNAIDS do you know about the #fightTB2015 campaign? check http://t.co/hxlVvqkgkt &amp; support us on #WTBD2015 https://t.co/2QkYEPzl3n
@GlobalFund do you know about the #fightTB2015 campaign? check http://t.co/hxlVvqkgkt &amp; support us on #WTBD2015 https://t.co/2QkYEPzl3n
@GlobalHealthOrg do you know about the #fightTB2015 campaign? check http://t.co/hxlVvqkgkt &amp; support us on #WTBD2015 https://t.co/2QkYEPzl3n
@GHTCoalition do you know about the #fightTB2015 campaign? check http://t.co/hxlVvqkgkt &amp; support us on #WTBD2015 https://t.co/2QkYEPzl3n
@AFGHnetwork do you know about the #fightTB2015 campaign? check http://t.co/hxlVvqkgkt &amp; support us on #WTBD2015 https://t.co/2QkYEPzl3n
@EPF_Pop_Dev do you know about the #fightTB2015 campaign? check http://t.co/hxlVvqkgkt &amp; support us on #WTBD2015 https://t.co/2QkYEPzl3n
@amnestyeurope do you know about the #fightTB2015 campaign? check http://t.co/hxlVvqkgkt &amp; support us on #WTBD2015 https://t.co/2QkYEPzl3n
@gatesfoundation do you know about the #fightTB2015 campaign? check http://t.co/hxlVvqkgkt &amp; support us on #WTBD2015 https://t.co/2QkYEPzl3n
@Patochebertrand time to join our thunderclap https://t.co/2QkYEPzl3n we need support!! #fightTB2015
@TB_bio hey, do you know about the #fightTB2015 campaign? Please support our thundercalp for World TB Day https://t.co/2QkYEPzl3n
@TBmanifesto hey, do you know about the #fightTB2015 campaign? Please support our thundercalp for World TB Day https://t.co/2QkYEPzl3n
@TSC_GlobalTB hey, do you know about the #fightTB2015 campaign? Please support our thundercalp for World TB Day https://t.co/2QkYEPzl3n
@gdadvocate Hey Bobby! Have you already join our thunderclap for World TB Day? https://t.co/eJNZyFY41M thanks!
@MedAnthroKY thanks for supporting! Have you already join our thunderclap for World TB Day? https://t.co/eJNZyFY41M
@shobha1shukla thanks for supporting! Have you already join our thunderclap for World TB Day? https://t.co/eJNZyFY41M
@judithineuropa thanks for supporting, Judith! you can also join our thunderclap for World TB Day https://t.co/eJNZyFY41M thanks!!
@targettb thanks for supporting! you can also join our thunderclap for World TB Day https://t.co/eJNZyFY41M
@pjcardona14 thanks for supporting! you can also join our thunderclap for World TB Day https://t.co/eJNZyFY41M
RT @TBbrigden: Zero deaths, new infections and suffering from #TB in Europe. Call for action &amp; make this happen! http://t.co/1smwEW1EXT #Fi…
@aerasglobaltb @NicoleRendell @dsw_worldwide @jdcZZZ @sandeepahuja12 Call the EC to stir regional action against TB https://t.co/eJNZyFY41M
RT @D_Papaventsis: I just supported Fight Tuberculosis in Europe on @ThunderclapIt // @AndreaCorazza http://t.co/srwvbNSrsa
@joleneh340 I feel like a survivor now! Wild life :-)
RT @RedCrossEU: Preparing for the High-level conference on #Ebola in Brussels tomorrow where we will be live-tweeting – follow the conversa…
RT @TBECoalition: @aerasglobaltb If you haven't already you can take part in our thunderclap here, lets get to a +100,000 reach! https://t.…
RT @aerasglobaltb: #DyK that #tuberculosis costs #EU €5.9 billion per year? Join the #FightTB2015: http://t.co/IlGe8EEc1Y http://t.co/TykPp…
RT @GHAFrance: .@YvonneChakaX2’s portrait for sale at #21IconsAuction All proceeds to charity
#21iconsauction http://t.co/A7uAFBiEiq http:/…
It's been 1 month since @Gavi pledging conference! New tool @ACTION_Tweets tracks funding http://t.co/36POnJmwtl #vaccineswork @JoannaWis
@judithineuropa Thanks for the support. Please don't forget our twitter storm on World TB Day - join it now at https://t.co/eJNZyFY41M
@curadoadriana thanks Adriana! please join our action for World TB Day by supporting through Twitter https://t.co/eJNZyFY41M #fightTB2015
@andchristysays thanks Christy! please join our action for World TB Day by supporting through Twitter https://t.co/eJNZyFY41M #fightTB2015
@ProjectAxshya thanks! please join our action for World TB Day by supporting through Twitter https://t.co/eJNZyFY41M #fightTB2015
@Geckoella thanks Jenna! please join our action for World TB Day by supporting through Twitter https://t.co/eJNZyFY41M #fightTB2015
@MetropolitanTB please join our action for World TB Day by supporting through Twitter https://t.co/eJNZyFY41M #fightTB2015
@cns_health @D526Brian please join our action for World TB Day by supporting through Twitter https://t.co/eJNZyFY41M #fightTB2015
@mukhtarli_TB @health_gov_az join our action for World TB Day by supporting through Twitter &amp; Facebook at https://t.co/eJNZyFY41M
RT @TBECoalition: Didn't think #TB was an issue in #Europe? Think again. Take Action and #fighttb2015 http://t.co/vklrRiN2Vm
@aerasglobaltb @ISNTD_Press @msf_tb @WHO_Europe_TB don't forget to use your twitter for sharing on #WTBD2015 https://t.co/eJNZyFY41M
@gavimercy &amp; @ChristophBenn speaking at #ACP #Health Ministerial of @gavi &amp; @GlobalFund support to #Africa #Caribbean #Pacific countries
Thanks @judithineuropa for signing #fightTB2015 petition. Please join our thunderclap for World TB Day 2015 at https://t.co/eJNZyFY41M
@TB_bio #fightTB2015 campaign launched by @TBECoalition Have a look at http://t.co/aRc5oIdwcN share widely &amp; take action!
Join #fightTB2015 campaign by supporting our thunderclap https://t.co/eJNZyFY41M @TakeThatTB @StopTB @GlobalTBCaucus @msf_tb @WHO_Europe_TB
@TBAlliance thanks for sharing! Please join our thunderclap for World TB Day 2015 https://t.co/eJNZyFY41M
RT @TBAlliance: Want to make a difference in fighting #tuberculosis in #Europe? Check out this new campaign! #fighttb2015: http://t.co/gjAy…
600 people accessed http://t.co/hxlVvqkgkt in less than a week. 130 signed our petition &amp; #WTBD thunderclap.Join our campaign #fightTB2015
RT @TubeRRculosis: FIGHTING TUBERCULOSIS IN THE EUROPEAN REGION REQUIRES URGENT SUPPORT. TAKE ACTION TODAY! #fightTB2015 www.fi http://t.co…
At 3pm @morningsimon is speaking at #ACP Health Ministers meeting on the role of CSOs in #globalhealth Follow live with @globalhealthadv
@BiljanaBorzan please join our thunderclap for World TB Day at https://t.co/2QkYEPzl3n It takes a sec but can make a huge difference!
@BartStaes please join our thunderclap for World Tuberculosis Day at https://t.co/2QkYEPzl3n It takes a sec but can make a huge difference!
@AnnelieseDodds please join our thunderclap for World TB Day at https://t.co/2QkYEPzl3n It takes a sec but can make a huge difference!
Dear @LindaMcAvanMEP please join our thunderclap for World TB Day at https://t.co/2QkYEPzl3n It takes a sec but can make a huge difference!
Thanks @BartStaes @LindaMcAvanMEP @BiljanaBorzan @AnnelieseDodds 4 signing the #BarcelonaDeclaration on #Tuberculosis http://t.co/LuSoT77iDd
@Mandy4Action @IdaMovie @kategoertzen @Ange_Pereira5 @EviHarmon I don't know but he's certainly charming and very funny!
RT @aerasglobaltb: Happy #FF to @TBECoalition! Learn about the #tuberculosis fight in Europe: http://t.co/SzSLrOdRUP #fightTB2015 http://t.…
RT @mukhtarli_TB: Zero #tuberculosis death and suffering in the European region requires your support. Take Action on http://t.co/AMiJgYjJA…
Want to make a difference in fighting #tuberculosis in #Europe? Check out @TBECoalition new campaign! http://t.co/hxlVvqkgkt #fighttb2015
@ERSTalk Thanks for sharing! don't forget to join the thundercalp for #WTB2015 https://t.co/lnFI3wjSw1 #fightTB2015
We need your support to #FightTB2015 in Europe. Get behind our new campaign http://t.co/hxlVvqkgkt @StopTB @WHO_Europe_TB @GlobalFund
@catherinemep have u seen our new campaign #fightTB2015? http://t.co/hxlVvqkgkt Please share and take action at https://t.co/lnFI3wjSw1
@MicheleRivasi nouvelle campagne contre la tuberculose sur http://t.co/hxlVvqkgkt Soutenez-nous avec un tweet https://t.co/lnFI3wjSw1
@ckyenge nuova campagna contro la #tubercolosi #fightTB2015 ci sostenga con un tweet https://t.co/lnFI3wjSw1 + info http://t.co/hxlVvqkgkt
@BiljanaBorzan have u seen our new campaign #fightTB2015? http://t.co/hxlVvqkgkt Please share and take action at https://t.co/lnFI3wjSw1
@GlobalFund have u seen our new campaign #fightTB2015? http://t.co/hxlVvqkgkt Please share and take action at https://t.co/lnFI3wjSw1
@YvonneChakaX2 have u seen our new campaign #fightTB2015? http://t.co/hxlVvqkgkt Please share and take action at https://t.co/lnFI3wjSw1
@MasoudDara have u seen our new campaign #fightTB2015? http://t.co/hxlVvqkgkt Please share and take action at https://t.co/lnFI3wjSw1
@jonathanjstillo have u seen our new campaign #fightTB2015? http://t.co/hxlVvqkgkt Please share and take action at https://t.co/lnFI3wjSw1
@beatrijsstikker have u seen our new campaign #fightTB2015? http://t.co/hxlVvqkgkt Please share and take action at https://t.co/lnFI3wjSw1
@davidmartinmep have u seen our new campaign #fightTB2015? http://t.co/hxlVvqkgkt Please share and take action at https://t.co/lnFI3wjSw1
@TheresaMEP have u seen our new campaign #fightTB2015? http://t.co/hxlVvqkgkt Please share and take action at https://t.co/lnFI3wjSw1
@LindaMcAvanMEP have u seen our new campaign #fightTB2015? http://t.co/hxlVvqkgkt Please share and take action at https://t.co/lnFI3wjSw1
@GlenisWillmott have u seen our new campaign #fightTB2015? http://t.co/hxlVvqkgkt Please share and take action at https://t.co/lnFI3wjSw1
@LabourHassocks @TBECoalition @M8Marw Thank you for your support! Don't forget to join our thundercap at https://t.co/lnFI3wjSw1
Use your voice to #FightTB2015 in Europe! New campaign from @TBECoalition available at http://t.co/hxlVvqkgkt http://t.co/A7Rz2kPIIS
Min. @bealorenzin sara' a Riga per la prima conferenza dei ministri europei sulla #tubercolosi? #tbc rimane un problema in EU #fightTB2015
@MattO_TB hi Matt! great to have your support!! join our thunderclap for #WTBD2015 at https://t.co/lnFI3wjSw1
@zaheduli hi! great to have your support!! join our thunderclap for #WTBD2015 at https://t.co/lnFI3w2h7r
@VandeveldeWim great to have your support!! join our thunderclap for #WTBD2015 at https://t.co/lnFI3wjSw1
Hi @Gillianfc great to have your support!! join our thunderclap for #WTBD2015 at https://t.co/lnFI3wjSw1 @halfon4harlowMP @resultsuk
@acTBistas @StopTB hi Alberto! great to have your support!! join our thunderclap for #WTBD2015 at https://t.co/lnFI3wjSw1
Thanks @StopTB &amp; @LucicaDitiu for supporting the #fightTB2015 campaign! Take action now at http://t.co/hxlVvqkgkt @ACTION_tweets @WHO_Europe
New @TBECoalition campaign calls on Eastern European Governments to step up their game on #tuberculosis http://t.co/rdpU1TY9XZ #fightTB2015
Want to make a difference in fighting #tuberculosis in #Europe? Check out this new campaign! #fighttb2015: http://t.co/hxlVvqkgkt
$2 bil. of opportunity on #HIV, #TB, #Malaria --&gt; Will public and private donors step up? http://t.co/Ps7ynCr6gv @ACTION_tweets  @GHAFrance
.@ACTION_tweets with @TheDesmondTutu &amp; @YvonneChakaX2 Feeling empowered &amp; ready to continue our great work in 2015! http://t.co/hrtWx726Ye
RT @ACTION_tweets: .@ACTION_tweets family with @TheDesmondTutu ! Amazing start to last day of our partner meeting! #globaldev http://t.co/0…
Brussels civil society welcomes the #EC’s pledge and the Commissioner’s commitment to @gavi @MimicaEU http://t.co/O8Km2tZ3rQ
RT @MimicaEU: At @gavi conference proud to announce #EU contribution of total 200M EUR to @gavi Alliance for 2016-2020 period http://t.co/L…
Congratulations to @gavi for reaching the $7.5 billion! Now we can look optimistically to the real challenge: #reacheverychild @GHAFrance
Great news from #Berlin: @EU_Commission increases its contribution to @gavi to €200 mln for 2014-2020!! @GaviSeth @GHAFrance @ACTION_tweets
.@MimicaEU speaking now at @gavi replenishment. @europeaid adds up EU contribution to €200 million euros for 2014-20 #reacheverychild
RT @LukeAlexGibson: European Finance Ministers are meeting now to discuss an #FTT. We need them to be ambitious @robinhood @EU_Commission h…
.@MimicaEU @BillGates @gatesfoundation We need an extra effort to support @gavi  &amp; improve #immunisation http://t.co/uWoicMko4j @ONEbrussels
RT @WorldVisionEU: CSOs call 4 support 4 immunization. Read their letter to @MimicaEU @FedericaMog : http://t.co/MlaCbeogBl @AndreaCorazza …
Pourquoi la France a intérêt à soutenir la santé publique en Afrique? http://t.co/DRvtNM26pv @Elysee @francediplo @_Bercy_ @gavi_fr
A €50 million pledge to #reacheverychild http://t.co/uWoicMko4j @FedericaMog @MimicaEU @ONEbrussels @WorldVisionEU @dsw_worldwide @resultsuk
For @Gavi’s plan to #reacheverychild, more #EC backing is essential http://t.co/uWoicMko4j @FedericaMog @mimicaEU @GHAFrance @ACTION_tweets
.@Gavi funding summit in 7 days! Will leaders step up, fill funding gap for global #vaccines? http://t.co/VyViHvDtOt @MimicaEU @europeaid
RT @NikVoigt: First days shoot in #Abastumani Hospital. We uncovered a lot more than we expected!! http://t.co/seE0Vcew44
.@TheDemocrats finally open to #FTT! Will this push #EU countries to accelerate negotiations? @robinhood @OxfamEU http://t.co/EkOPbtNTqv
Losing the fight against #tuberculosis Great piece by @jpatadams @nytimeshealth @nytimes  http://t.co/rEc9XRVKaL @ACTION_tweets
Three, two, one… Go! The European Year of Development just started #EYD2015 http://t.co/jwkP5aZzAz @EU_Commission @MimicaEU @GHAFrance
RT @GaviSeth: Nice 2 meet @MimicaEU Development Commissioner &amp; discuss @gavi replenishment &amp; performance; strong support 4 results http://t…
Don't miss this great @cnni report on vaccination in #Tanzania. Investments are giving results! http://t.co/MRVikyIk27 @GaviSeth @gavi
RT @eu_journalist: Mothers in West Bandung are taught how to make healthy meals for their families @ACTION_tweets #euaid #development http:…
Some interesting info on #EYD2015 http://t.co/E5HynsBgej @GHAFrance @globalhealthadv @FrazerGoodwin @EmiPeeters @AFGHnetwork @WorldVisionEU
. @LindaMcAvanMEP on #post2015 #EYD2015 &amp; #Ebola #health Check this out! http://t.co/Zfgj3KRdPV @CONCORD_Europe @europeaid @Europarl_EN
RT @RuthSOwen1: @AndreaCorazza @V_Andriukaitis @OECD @EU_Health @EPHA_EU @FEANTSA Indeed. Homeless ppl can die 30 yrs younger. See: http://…
Why #TIME chose #Ebola fighters as Person of the Year 2014 https://t.co/vG2kbdJQr8 @GHAFrance #PersonoftheYear @globalhealthadv
Check out what MEPs discussed with @MimicaEU at #ACP #EU Parliamentary Assembly @ckyenge @catherinemep @MicheleRivasi http://t.co/MVlkzDIfJP
Interview to @GaviSeth on @europeaid contribution to #GAVI - @MimicaEU the EU can do more for #immunisation! http://t.co/R3USrLXxAO
@ExperisLifeSci @PharmExecutive @GileadSciences can certainly celebrate #Sovaldi - patients will have to wait that it becomes affordable!
Accordo trovato su #Sovaldi @bealorenzin perché non contrattare a livello UE per avere un prezzo piu' basso? #epatite http://t.co/TGuKd6pfYB
I support #HealthForAll because #health is a human right @UHC_Day @GHAFrance @AFGHnetwork @ACTION_tweets http://t.co/8n5eH7W3OC
@V_Andriukaitis @MalmstromEU @OECD @EU_Health good news, even though #inequalities within the #EU are still unacceptable! @EPHA_EU @yankeeu
Great to see @MimicaEU committed to prioritise #nutrition in #EU #Development policy @FrazerGoodwin @WorldVisionEU http://t.co/9u82UTCAJT
Commissioner @MimicaEU couldn't be clearer! @globalhealthadv @ACF_France @GHAFrance #malnutrition @GenerationNutri http://t.co/HPLEcMgu91
@Telicka Not very clear indeed. I am wondering if he was referring specifically to pharmaceutical industry...any idea? @MimicaEU
Grazie a @ckyenge per il suo sostegno al Gruppo di Lavoro del #ParlamentoEuropeo sulla #salute &amp; l'accesso ai farmaci http://t.co/TX3uQXxn8d
Many #MEPs support #access2medicines &amp; fight against diseases of #poverty at the EU-ACP #JPA. Here with @ETheocharous http://t.co/EM12ly6G5e
Lower prices means more patients on treatment - EU-ACP #JPA with @LindaMcAvanMEP #patientsneedsfirst @globalhealthadv http://t.co/OkZVdtNEvB
. @MimicaEU favours revision of #EU programs in #ebola affected countries to prioritise #health @davorstier #Liberia #SierraLeone #ACP #JPA
In 2015 #EU to organise a global conference on long-term consequences on #development of #Ebola #crisis @MimicaEU @FedericaMog #health #ACP
"Don't question #Cotonou but identify form of cooperation that could allow increased partnership.Negotiations to start asap." #ACP @MimicaEU
. @MimicaEU only Guinea chose #health as priority sector, how to ensure #EDF supports fight against #Ebola in #SierraLeone &amp; #Liberia? thx
LIVE from ACP-EU #JPA @MimicaEU: "In 2015 expert group + public consultation to define post #Cotonou" @CONCORD_Europe @ECDPM @europeaid
LIVE from #JPA #Strasbourg @MimicaEU: #solidarity &amp; #partnership at the centre of #EU relations with #ACP @Europarl_EN @CONCORD_Europe
LIVE from #Strasbourg ACP-EU #JPA: @europeaid welcomes Report on #malnutrition &amp; will work to include a #nutrition goal in #post2015
RT @EuroLabour: Labour MEP @GlenisWillmott warns against plans to slash funding for life-saving research: http://t.co/iwIJPKKEGY
. @GuyVerhofstadt The #FTT is an opportunity to defeat #AIDS forever! #worldAIDSday Sign the petition! @GlobalFund http://t.co/2UVvXE4K41
RT @GuyVerhofstadt: Wearing a red ribbon in support of victims of #HIV &amp; their families on #WorldAIDSDay because http://t.co/yH697Phc4T htt…
Investire proventi del #FTT nel @GlobalFund puo' sconfiggere l'#AIDS per sempre! #worldAIDSday @matteorenzi Firma qui http://t.co/2UVvXE4K41
MEP Guerrero calls on mid-term review of the 11th #EDF to ensure #EU support for #health system strengthening in developing countries #ebola
#Ebola #emergency: #Guinea Minister for Finance Diare calls for development of accessible &amp; affordable #drugs for #PRNDs #patientsneedsfirst
Visit the stand of the #EPWG at the EU-ACP #JPA in #Strasbourg &amp; take action to make #patientsneedsfirst a reality! http://t.co/VcdSo5tzJg
Event EU-ACP #JPA: We speak of #malnutrition @chrislionnet @ACF_France #patientsneedsfirst @GHAFrance @CONCORD_Europe http://t.co/4i5yWisNBu
Avec MicheleRivasi pour assurer l'access aux medicaments #patientsneedsfirst #EPWG #ACP @globalhealthadv @MSF_access http://t.co/lNi6Cz892O
RT @catherinemep: 1st bit of campaigning today! Making health for all an issue #patientsneedsfirst stand in Strasbourg @action_tweets http:…
#Health for all at the centre of the post-2015 framework @catherinemep #patientsneedsfirst @GHAFrance #EU #ACP #EPWG http://t.co/YTZuRv0X2r
Pity not to meet you directly @DacianaSarbu We need to push for regional action against #tuberculosis in #Europe http://t.co/BDHAOZC5co
Thank you @BiljanaBorzan for supporting #tuberculosis #patients - We need more action at #EU level to fight #TB #TBEC http://t.co/BDHAOZC5co
. @GlenisWillmott thanks for meeting us &amp; articulating your commitment 2 fight #Tuberculosis in Europe #TB  #patients http://t.co/BDHAOZC5co
RT @CONCORD_Europe: CONCORD holds first exchange with @MimicaEU - we look forward to close cooperation http://t.co/K0Bqostpx2 #globaldev
2 weeks until #EU leaders take #FTT decision. Will they listen to the 800,000 demanding a tax for people and planet? http://t.co/YCxjssIIOP
RT @StampOutPoverty: 2 weeks until EU leaders could deliver #FTT for people and planet - will they fulfil promises? http://t.co/BcxmfDAdb2 …
For #WorldPneumoDay2014 --&gt; New report @ACTION_Tweets @SaveTheChildren on how more kids can access vaccines  http://t.co/nxpFPyteeG
How can we #reacheverychild with vaccines? New @ACTION_Tweets @SaveTheChildren report makes case for more investment http://t.co/nxpFPyteeG
With @WHO_Europe_TB to meet CSOs implementing @USAID #Tuberculosis prevention program in #Georgia. Great work @USAIDGH #TBEC #NTPreview!
Care about health equity? Mark #A2Mweek 3-7 nov. Join events across Europe (see fb/twitter)&amp;sign our petition! #uaem http://t.co/zkeVTOw00L
A little known success story: UK support for the @EDCTP #globalhealth R&amp;D partnership http://t.co/rXCsXdTL5b @resultsuk @dsw_worldwide
Disappointed again by #GHPF: expected an EU comprehensive Action Plan on #GlobalHealth but discover it's an informal&amp;internal DEVCO/B4 docs
RT @FrazerGoodwin: In 2010 EC promised a Communication on #GlobalHealth to implement action. Promised again in 2011, 2012, 2013. EC just wi…
With no #GlobalHealth Action Plan, EU commitments will remain on paper...@MimicaEU will you progress on this?waiting since 2010 #GHPF #ebola
Watch polio disappear - just 3 countries to go #endpolio #WorldPolioDay http://t.co/90xvShMUYm @gatesfoundation @gateshealth @EndPolioNow
@MimicaEU Global #TB Report 2014: Is #Tuberculosis becoming the world’s deadliest communicable #disease? http://t.co/OdRSc5tFSr
@MinisteroSalute Global #TB Report 2014: Is #Tuberculosis becoming the world’s deadliest communicable #disease? http://t.co/OdRSc5tFSr
@devex Global #TB Report 2014: Is #Tuberculosis becoming the world’s deadliest communicable #disease? http://t.co/OdRSc5tFSr
@Agenzia_Ansa Global #TB Report 2014: Is #Tuberculosis becoming the world’s deadliest communicable #disease? http://t.co/OdRSc5tFSr
@euobs @globalhealthadv #TB Report 2014: Is #Tuberculosis becoming the world’s deadliest communicable #disease? http://t.co/OdRSc5tFSr
@EurActiv Global #TB Report 2014: Is #Tuberculosis becoming the world’s deadliest communicable #disease? http://t.co/OdRSc5tFSr
#TB &amp; #MDRTB on the rise: 1.5 mln deaths in 2013. Still a huge issue in Europe: @V_Andriukaitis needs to take action http://t.co/OdRSc5tFSr
Global #TB Report 2014: Is #Tuberculosis becoming the world’s deadliest communicable #disease? http://t.co/OdRSc5tFSr @WHO @EU_Health
#EU #health @JunckerEU backtracks on medicines portfolio move.I hope Mr Bergstrom &amp; @EFPIA aren't too disappointed..@GlenisWillmott @yankeeu
"Medicines are not goods like any other" @JunckerEU after backtracking on #medicines portfolio move to DG Markt @V_Andriukaitis @yankeeu
#TeamJunckerEU confirmed by @Europarl_EN New @EU_Commission in place on 1/11 @GHAFrance is ready to continue engaging on #globalhealth
RT @MimicaEU: Following @Europarl_EN vote, looking forward to taking up my new 
responsibilities as @europeaid Cssr as of 1 Nov #TeamJuncke…
#EU #FAC adopts Conclusions on #Ebola http://t.co/eBcZUJnSzA Strengthening #health systems must become priority @EUCouncil @EUCouncilPress
Do you know about 'The hidden face of hunger'?@resultsuk blogs about it on #WorldFoodDay http://t.co/qeGIDO9Yc7 #WFD2014 #GHI2014 @GHAFrance
#WorldFoodDay 5 things you need to know about Proper #Nutrition: http://t.co/d2AN9XZY9L #WFD2014 @ResultsCda @GHAFrance @ACTION_tweets
Breaking News: #EFDD political group just dissolved @Europarl_EN @EFDgroup Is this a second chance for @5stelleEuropa ?
Thanks @GlenisWillmott for taking up this challenge! We need #MEPs like you to improve #health worldwide http://t.co/PXHrPREYGk
Signez l'#AppeldeParis pour la #santé des #femmes et des #enfants http://t.co/mbh22NzyQF @melindagates @Anne_Hidalgo http://t.co/jW8gWNorzL
#Pharma4Health Running short of time to encourage @JunckerEU to backtrack. Medicines aren't ordinary goods!! http://t.co/huRsp1vj9l @EPHA_EU
#AppeldeParis: égalité,solidarité,santé! I signed it..and you? http://t.co/CWRKr9voTz @GHAFrance @gateshealth #heatlh http://t.co/LBGD0JKCFF
Let's take action to reduce #child and #maternal mortality #AppeldeParis @GHAFrance @Anne_Hidalgo @melindagates @Paris
RT @bruce_warwick: Tuberculosis: A Crisis in Eastern Europe and Central Asia That the West Cannot Ignore http://t.co/wKIGvakI71 @globalheal…
Looking forward to the launch of the #AppeldeParis tomorrow @Paris @GHAFrance @gatesfoundation @Anne_Hidalgo @melindagates #women #health
Congratulations to @SavetheChildren &amp; @FrazerGoodwin for #race4survival in #Brussels with @APiebalgsEU and @MimicaEU http://t.co/7ZgmbJNCuv
@Armo_Andonian come at JAN 3Q ... we have beers!
Una storia interessante per coloro che hanno ancora dubbi su #vaccini e #salute ...http://t.co/3FDZ4hlG3D @MoniaBenini @5stelleEuropa
"Growing up unvaccinated" Interesting article on lack of #immunisation #vaccine
Check it out here http://t.co/RrrDvOrDLv
RT @MSF_access: The #patientsneedsfirst message cards are popular! http://t.co/6wasTe0xzn
RT @mmatiasv: Blog from #UNGA session, health #MDGs won't be met at current rate of progress - needs greater impulse http://t.co/Mm9MwBv5CQ…
Grazie a @ellyesse per aver presenziato all'inaugurazione del Gruppo di Lavoro del PE sulla #salute mondiale #patientsneedsfirst @pdnetwork
RT @joanna_keenan: Just finishing up a great launch of the next EPWG on access to meds; stop by and see it if you're at @Europarl_EN http:/…
RT @globalhealthadv: Cool scorecards on how Commissioners have performed in #EPhearings2014. @MimicaEU top performance. @mediawhizz http://…
New #EPWG Chair @gleniswillmott calls for #MEPs from all parties to join forces to put #patientsneedsfirst! Join us https://t.co/1QrxFEundj
RT @MSF_access: New EPWG chair @GlenisWillmott speaks: we need pharma is transparent on clinical trials #patientsneedsfirst http://t.co/7VF…
RT @beatrizbecerrab: You can count on it!  @globalhealthadv @GlenisWillmott here MEP @MargreteAuken and myself :) #patientsneedsfirst GO! h…
RT @globalhealthadv: @MSF_access @judithineuropa so happy to have a wonderful new @GreensEP Vice Chair for the #EPWG #patientsneedsfirst @G…
RT @MSF_access: .@MargreteAuken, @Vanessa_Boas, @AndreaCorazza, @helleaagaard EU it's #patientsneedsfirst http://t.co/awZPMZhEa5
Check out NGOs reactions to @MimicaEU #EPhearings2014 @ONEbrussels @dsw_worldwide @AFGHnetwork @EPF_Pop_Dev https://t.co/38OvKBa3of
RT @MimicaEU: #Nutrition should be part of #foodsecurity projects, target must be populations with poor nutritional status, esp women and c…
RT @MimicaEU: .@globalhealthadv #EU 2 spend 3.5 bln € to help reduce malnutrition among 7 mln children in &lt;5 yrs. I will make sure money is…
RT @CPME_EUROPA: #Bienkowska I will work close with the #Andriukaitis  to defend #health and #patients. #EPhearings2014
RT @EPHA_EU: #EPhearings2014 #Bienkowska in hearing speech guarantees that patients safety will go first #pharma4health
Thanks @GreensEP for raising #FTT at #Moscovici #EPhearings2014 
Let's keep the pressure up on #allocation 2 fight #climatechange &amp; #poverty
RT @OxfamEU: Great! @pierremoscovici says "I hope that the #FTT is allocated towards climate change and the fight against poverty" #EPheari…
BREAKING: #Moscovici #EPhearings2014 "Will continue to support #FTT &amp; hope it will be allocated to climate change and fight against poverty"
RT @GreensEP: Another Green question from @MollyMEP to #Moscovici on #FTT
Will it deserve a concrete answer from @pierremoscovici #EPhearin…
@alessiamosca la aspettiamo martedí all'inaugurazione del Gruppo di Lavoro del PE sulla salute e l'accesso ai farmaci http://t.co/TJVGT06AkB
@simonabonafe la aspettiamo martedí all'inaugurazione del Gruppo di Lavoro del PE sulla salute e l'accesso ai farmaci http://t.co/Xrh1jC08gn
@ckyenge la aspettiamo martedí all'inaugurazione del Gruppo di Lavoro del PE per la lotta alle malattie della povertá http://t.co/ndfrNd1ZqR
@giovannilavia la aspettiamo all'inaugurazione del Gruppo di Lavoro del PE sull'Innovazione e l'Accesso ai Farmaci http://t.co/GuoupPcrxJ
@flaviozanonato la aspettiamo all'inaugurazione del Gruppo di Lavoro del PE sull'Innovazione e l'Accesso ai Farmaci http://t.co/viJydRbnT5
@toiapatrizia la aspettiamo all'inaugurazione del Gruppo di Lavoro del PE sull'Innovazione e l'Accesso ai Farmaci http://t.co/wIkZZTK0Ct
#EPhearings2014: what does it mean for #globalhealth &amp; #development? http://t.co/toQm5jyYnc #patientsneedsfirst  #Mimica #Andriukaitis
3-hour hearing without mention of @EDCTP a €1.4 billion initiative for #TB #HIV #malaria tools.
Did I miss anything? #EPhearings2014 #Moedas
Could anybody ask #Moedas about the role of EU research policy in #globalhealth?This is key for citizens of EU and the world #EPhearings2014
@IMI_JU @WHO "Pharma-driven agendas for the development of new therapeutics (such as #IMI) have not yet addressed R&amp;D efforts for #NTDs"
@federley let's all work together on this. You can join the EP Working Group on Innovation and Access to Medicines https://t.co/TC0y4ckeW0
#EPhearings2014 #Moedas @debackerphil asked great question on #IP&amp;sharing of results funded by public money!Join us https://t.co/TC0y4ckeW0
RT @dsw_worldwide: This morning, will #Moedas discuss how #Horizon2020 can help the 1bn people affected #NTDs #HIV #AIDS #TB #Malaria &amp; oth…
RT @FCorreiaDaSilva: #Health is one of the top priorities #H2020.We need urgent action on antibiotics crisis.#Moedas #EPhearings2014
RT @DaveKeating: #Andriukaitis says he won't allow TTIP to lower heath or food safety standards for sake of free trade http://t.co/KzJUwBSV…
Thanks MEP @federley to raise #AMR and the need for new #innovation models in health #EPhearings2014 #Moedas 
We definitely need them!
Happy to see @mgracacarvalho at the #EPhearings2014 #Moedas 
Will @Moedas be a #globalhealth champion as well? #EPP
@GHAFrance following Commissioners' hearings live @Moedas #ITRE @V_Andriukaitis #ENVI #EPhearings2014 #Moedas #Andriukaitis
RT @helleaagaard: @EPHA_EU withdraws from MEP Intergroup coop. w. @EFPIA after medicines dossier moves from DG Sanco to DG Enterprise: http…
Contro la disinformazione su #tubercolosi ed #ebola @MSF_ITALIA @StopTbItalia http://t.co/G5UtmiW2u7 #AllarmismoNoGrazie #TBC #TB
RT @globalhealthadv: Launch of EP Working Group on #accesstomedicines in #EP2014 hosted by @davidmartinmep 7/10 6pm @PES_PSE @EPPGroup http…
RT @GHAFrance: Our condolences to families and friends of those on board #MH17 A special thought for Dutch &amp; international colleagues en ro…
RT @PeterASinger: Every human life is precious but when we lose those dedicated to saving lives we suffer a double loss. #mh17 #AIDS2014
Check out blog on #MEPs work for fighting #poverty-related and #neglected diseases http://t.co/NDsWdFqlDY @GHAFrance @Global_Network
Have u already watched #MEPs video on #innovation, #access to #medicines &amp; #diseases of #poverty?https://t.co/NaA7gR8L7E @FionaHallEU thanks
Have u already watched #MEPs video on #innovation, #access to #medicines &amp; #diseases of #poverty?https://t.co/NaA7gR8L7E @NiccoloRinaldi
Have u already watched #MEPs video on #innovation, #access to #medicines &amp; #diseases of #poverty?https://t.co/NaA7gR8L7E @RCortesLastra
Have u already watched #MEPs video on #innovation, #access to #medicines &amp; #diseases of #poverty?https://t.co/NaA7gR8L7E @davidmartinmep
Have u already watched #MEPs video on #innovation, #access to #medicines &amp; #diseases of #poverty? https://t.co/NaA7gR8L7E @THEOCHAROUSE
Have u already watched #MEPs video on #innovation, #access to #medicines &amp; #diseases of #poverty?https://t.co/NaA7gR8L7E @mcashmanCBE
27 NGOs sign on #GlobalHealth guide for Members of @Europarl_EN to maximise impact of #EU policies on global #health http://t.co/f908NTiw4U
#EU #developmentAid #research #FTT #post2015 #policycoherence explained in the #GlobalHealth guide for #MEPs http://t.co/f908NTiw4U
#GlobalHealth guide for MEPs now online at http://t.co/f908NTiw4U @Europarl_EN @LindaMcAvanMEP @giovannilavia @JerzyBuzek @berndlange
Congrats to @DacianaSarbu vice-chair of ENVI.Hope we'll work together 2 fight #tuberculosis in Europe http://t.co/bFZXxJqoBG @Europarl_EN
Congratulations @giovannilavia 4 election as #ENVI Chair at @Europarl_EN Don't miss opportunity to join EPWG #health http://t.co/bFZXxJqoBG
RT @2014Europarl: UPDATE Présidents et vice-présidents des commissions parlementaires du Parlement européen - via @AgencEurope https://t.co…
In Rome working on plan to eradicate #TB in low-incidence countries.Political commitment&amp;CSOs/communities engagement are key @WHO @ERSTalk
A #Roma discutiamo il piano per eliminare la #tubercolosi nei paesi a bassa incidenza #TBC @bealorenzin @ERSTalk @WHO http://t.co/KYpvE1yL0f
For #tuberculosis patients waiting for treatment in #Romania some day never comes @Victor_Ponta @guv_ro http://t.co/Gu1hcUKpiH
RT @GHAFrance: #EPplenary What can MEPs do to promote global health? Join our working group! Come and meet us @PES_PSE @GreensEP http://t.c…
. @matteorenzi siamo piú di 750mila a chiederle un'ambiziosa #RobinHoodTax per combattere la povertá http://t.co/j1uBxLj0ls #TTFlavoltabuona
@JunckerEU congrats 4 your designation as President of @EU_Commission. @GHAFrance looks forward to hearing your plan on #globalhealth
@EuropeanCounci1 puts forward @JunckerEU as President of the @EU_Commission @EPP @TheProgressives @ALDEParty @GUENGL @GreensEP @ecrgroup
Hi @BiljanaBorzan.MEPs presenting achievements of EP Working Group #innovation #globalhealth http://t.co/G4K87s5mi4 please consider joining!
Hi @TerryReintke. MEPs presenting achievements of EP Working Group #innovation #globalhealth http://t.co/G4K87s5mi4 please consider joining!
.@ElenaValenciano MEPs presenting achievements of EP Working Group #innovation #globalhealth http://t.co/G4K87s5mi4 please consider joining!
.@RodriguezPinero MEPs presenting achievements of EP Working Group #innovation #globalhealth http://t.co/G4K87s5mi4 please consider joining!
. @MarinaAlbiol MEPs presenting achievements of EP Working Group #innovation #globalhealth http://t.co/G4K87s5mi4 please consider joining!
. @lukeming MEPs presenting achievements of EP Working Group #innovation #globalhealth http://t.co/G4K87s5mi4 please consider joining!
. @ckyenge si unisca al gruppo di lavoro parlamentare sulla salute. Altri deputati spiegano perché é importante http://t.co/G4K87s5mi4
. @elena_gentile si unisca al gruppo di lavoro parlamentare sulla salute. Altri deputati spiegano perché é importante http://t.co/G4K87s5mi4
. @marcofurfaro deputati europei spiegano perché aderire al gruppo di lavoro parlamentare #globalhealth http://t.co/G4K87s5mi4 si unisca!!
. @anjahazekamp MEPs presenting achievements of EP Working Group #innovation #globalhealth http://t.co/G4K87s5mi4 please consider joining!
.@MEPNeenaGill MEPs presenting achievements of EP Working Group #innovation #globalhealth http://t.co/G4K87s5mi4 please consider joining!
@mortenhelveg MEPs presenting achievements of the EP Working Group #innovation #globalhealth http://t.co/G4K87s5mi4 please consider joining!
.@JeppeKofod MEPs presenting achievements of the EP Working Group #innovation #globalhealth http://t.co/G4K87s5mi4 please consider joining!
@fhollande pour une fois, faisons #CommeLesAnglais @GHAFrance http://t.co/ddOGGSnDQ3 @ONEbrussels @ONECampaign @francediplo_EN
RT @dsw_worldwide: .@EuropeanVoiceEV report on #globalhealth features @gatesfoundation @PolicyCures @GHAFrance @GHTCoalition @europeaid htt…
RT @GlenTarman: Global #NutritionReport has a website http://t.co/P8tpsrdsFx ahead of November release of worldwide view on progress to red…
RT @Oxfam: Have you joined 750,000+ people demanding a #RobinHoodTax to help #FundEducation? http://t.co/9znh1Xz4yT @robinhood http://t.co/…
5 reasons to invest in #childhealth &gt; New resource for advocates from @ACTION_Tweets http://t.co/nP4vRg8mGC @GHAFrance @RESULTS_Tweets
Find out about @GHAFrance visit to #Macedonia to assist in @GlobalFund transition http://t.co/g3tWSmox1n #TB #HIV @WHO_Europe_TB @StopTB
RT @Europarl_EN: Latest European elections result http://t.co/PwVZqArEyS … #EP2014 http://t.co/1mnRN9fGnS
'We have never been in a stronger position to tackle undernutrition' http://t.co/bs4TmvPzpC #Nutrition4Growth #GenerationNutrition
@GHAFrance in #Skopje to facilitate development of a #sustainability plan for #HIV and #TB programs @GlobalFund @WHO_Europe #Macedonia
RT @owstonlewis: DFID has announced new nutrition programme. Now its time for other agencies to do the same http://t.co/oy7yxCBC3N @richard…
First-ever #TBHIVZone at #AIDS2014! Submit session proposals on deadly duo of #TB #HIV by June 6 http://t.co/YBvbqrus1p
#EuropeWeWant @GHAFrance is with you :-) Thank you @CONCORD_Europe for organising this timely discussion!
@Global_ErinH it looks great! I hope you had a safe trip back to DC
@europeaid will contribute €175 mln to @GAVIAlliance Check out our blog http://t.co/ix7MMDQfum #immunisation #vaccelerate2020 #vaccines
Have you read this interesting position on #IMI2 ? http://t.co/EoEgTQb5Af @IMI_JU @Saludporderecho @sabinvaccine @globalhealthadv #IMIsf2014
Check out challenges and opportunities presented by #IMI2 http://t.co/EoEgTQb5Af @GHAFrance #IMIsf2014 @IMI_JU @EPHA_EU @HAIEurope
Did u know that @BarrosoEU today announced @EU_Commission contribution to @GAVIAlliance? http://t.co/4TepvLtwQ2 @europeaid #Vaccelerate2020
Congrats to #Germany which will host the @GAVIAlliance replenishment meeting #Vaccelerate2020 @GHAFrance @ACTION_tweets @GermanyDiplo
RT @GHAFrance: #Vaccelerate2020 @BarrosoEU announces 25 million €/year to @GAVIAlliance for 2014-2020 @ACTION_tweets @acroot http://t.co/fv…
Are donors keeping promises on investing in #vaccineswork ? Find out: http://t.co/LNSC3iHXDh @ACTION_tweets
RT @bruce_warwick: Europe's aid experience shows value of supporting middle-income countries http://t.co/VGiJx5u8A8 @jesskue @globalhealtha…
Today in 1820 Florence Nightingale was born. To celebrate the birth of one of the founders of #nursing 12 May is International Nurses Day!
Italian Minister of #Health Lorenzin announced a national plan to fight #hepatitis C #HCV #salute #epatite http://t.co/zZyeQJ6Hv7
@GHAFrance latest blog on universal access to #immunization the role of @francediplo_EN&amp; @europeaid http://t.co/w3YYNpq7cd #immunisationweek
RT @GenerationNutri: How is #GenerationNutrition working to end child deaths from hunger? Check out this infographic to find out. http://t.…
Productive meeting of #TB CSOs in #Ukraine - thanks #TBEC @theaidsalliance @resultsuk @globalhealthadv  @GHAFrance http://t.co/hV7VYMZQjz
It's World Immunization Week! Are donors keeping promises on investing in #vaccineswork ? Find out: http://t.co/LNSC3iHXDh @ACTION_tweets
Check out our blog on day 2 of the #TB Europe Network meeting at http://t.co/heYHg3BNvA #TBECkiev @GlobalFund @resultsuk @GHAFrance
@globalhealthadv and @jesskue presenting on #TB #advocacy tools at #TBECkiev  #Ukraine #Kyiv http://t.co/tpT0ZzALKY
RT @bruce_warwick: #Advocates discuss plans for national TB coalition building #TBECKiev @euobs @ACF_UK http://t.co/6xwcNXndfW
@GHAFrance @SavetheChildren @ONEbrussels @PATHtweets @resultsuk @dsw_worldwide @WorldVision @EIWH together for #WIW http://t.co/rQaYgKqpyl
#EIVAC calls on @GAVIAlliance @GAVISeth to make equity a top priority in next #GAVI strategy http://t.co/rQaYgKqpyl #WIW2014 @GHAFrance
@europeaid #ACP need to scale up their contributions to @GAVIAlliance to €50 million per year for 2015-2019 http://t.co/rQaYgKqpyl #WIW2014
@europeaid #ACP Improving access to #immunisation How the @GAVIAlliance can make a difference? http://t.co/rQaYgKqpyl #WIW2014 #EIVAC
Marija of #EHRN &amp; #TBEC at the #TB Europe Regional Network #TBECkiev  @StopTB @GHAFrance @resultsuk @theaidsalliance http://t.co/H5j2T8sdzG
@EUDelegationUA at a crucial time 4 #Ukraine, #TBEC gathers TB activists from 12 EECA countries in #Kyiv #TBECKiev http://t.co/OP3rtLc4oO
Mariam of @projecthopeorg at #TB Europe Network Meeting in #Kiev on @GlobalFund concept note development #TBECKiev http://t.co/agw4DESTFu
Day two of the #TBECkiev training! presenting NFM of @GlobalFund For an overview of day one http://t.co/bj9I78cFBt http://t.co/1AQaKr7Qey
